[2025-12-13 00:38:38] [INFO] ==================================================
[2025-12-13 00:38:38] [INFO] Momentum Tracker starting...
[2025-12-13 00:38:38] [INFO] Database initialized successfully
[2025-12-13 00:38:38] [INFO] Activity monitoring started
[2025-12-13 00:38:38] [INFO] Application initialized successfully
[2025-12-13 00:38:38] [INFO] Starting main loop
[2025-12-13 00:45:03] [INFO] Triggering popup at 00:45
[2025-12-13 00:45:34] [INFO] Added activity log: Chilling (15 min) at 2025-12-13 00:45:34.747301
[2025-12-13 00:45:34] [INFO] Activity logged: Chilling - 
[2025-12-13 01:00:03] [INFO] Triggering popup at 01:00
[2025-12-13 01:15:03] [INFO] Triggering popup at 01:15
[2025-12-13 01:30:03] [INFO] Triggering popup at 01:30
[2025-12-13 12:48:38] [INFO] ==================================================
[2025-12-13 12:48:38] [INFO] Momentum Tracker starting...
[2025-12-13 12:48:38] [INFO] Database initialized successfully
[2025-12-13 12:48:38] [INFO] Activity monitoring started
[2025-12-13 12:48:38] [INFO] Application initialized successfully
[2025-12-13 12:48:38] [INFO] Starting main loop
[2025-12-13 13:00:03] [INFO] Triggering popup at 13:00
[2025-12-13 13:00:08] [INFO] Added activity log: Chilling (15 min) at 2025-12-13 13:00:08.995749
[2025-12-13 13:00:09] [INFO] Activity logged: Chilling - 
[2025-12-13 13:15:04] [INFO] Triggering popup at 13:15
[2025-12-13 13:15:08] [INFO] Added activity log: Chilling (15 min) at 2025-12-13 13:15:08.353899
[2025-12-13 13:15:08] [INFO] Activity logged: Chilling - 
[2025-12-13 13:30:04] [INFO] Triggering popup at 13:30
[2025-12-13 16:48:05] [INFO] ==================================================
[2025-12-13 16:48:05] [INFO] Momentum Tracker starting...
[2025-12-13 16:48:05] [INFO] Database initialized successfully
[2025-12-13 16:48:05] [INFO] Activity monitoring started
[2025-12-13 16:48:05] [INFO] Application initialized successfully
[2025-12-13 16:48:05] [INFO] Starting main loop
[2025-12-13 16:48:08] [INFO] Cleaning up...
[2025-12-13 16:48:10] [INFO] Activity monitoring stopped
[2025-12-13 16:48:10] [INFO] Application closed
[2025-12-13 16:49:07] [INFO] ==================================================
[2025-12-13 16:49:07] [INFO] Momentum Tracker starting...
[2025-12-13 16:49:07] [INFO] Database initialized successfully
[2025-12-13 16:49:07] [INFO] Activity monitoring started
[2025-12-13 16:49:07] [INFO] Application initialized successfully
[2025-12-13 16:49:07] [INFO] Starting main loop
[2025-12-13 16:49:13] [INFO] Cleaning up...
[2025-12-13 16:49:15] [INFO] Activity monitoring stopped
[2025-12-13 16:49:15] [INFO] Application closed
[2025-12-13 16:57:30] [INFO] ==================================================
[2025-12-13 16:57:30] [INFO] Momentum Tracker starting...
[2025-12-13 16:57:30] [INFO] Database initialized successfully
[2025-12-13 16:57:30] [INFO] Activity monitoring started
[2025-12-13 16:57:30] [INFO] Application initialized successfully
[2025-12-13 16:57:30] [INFO] Starting main loop
[2025-12-13 16:57:45] [INFO] Cleaning up...
[2025-12-13 16:57:45] [INFO] Activity monitoring stopped
[2025-12-13 16:57:45] [INFO] Application closed
[2025-12-13 18:10:45] [INFO] ==================================================
[2025-12-13 18:10:45] [INFO] Momentum Tracker starting...
[2025-12-13 18:10:45] [INFO] Database initialized successfully
[2025-12-13 18:10:45] [INFO] Activity monitoring started
[2025-12-13 18:10:45] [INFO] Application initialized successfully
[2025-12-13 18:10:45] [INFO] Starting main loop
[2025-12-13 18:11:32] [INFO] ==================================================
[2025-12-13 18:11:32] [INFO] Momentum Tracker starting...
[2025-12-13 18:11:32] [INFO] Database initialized successfully
[2025-12-13 18:11:32] [INFO] Activity monitoring started
[2025-12-13 18:11:32] [INFO] Application initialized successfully
[2025-12-13 18:11:32] [INFO] Starting main loop
[2025-12-13 18:11:34] [INFO] Cleaning up...
[2025-12-13 18:11:36] [INFO] Activity monitoring stopped
[2025-12-13 18:11:36] [INFO] Application closed
[2025-12-13 18:21:26] [INFO] ==================================================
[2025-12-13 18:21:26] [INFO] Momentum Tracker starting...
[2025-12-13 18:21:26] [INFO] Database initialized successfully
[2025-12-13 18:21:26] [INFO] Activity monitoring started
[2025-12-13 18:21:26] [INFO] Application initialized successfully
[2025-12-13 18:21:26] [INFO] Starting main loop
[2025-12-13 18:21:28] [INFO] Cleaning up...
[2025-12-13 18:21:30] [INFO] Activity monitoring stopped
[2025-12-13 18:21:30] [INFO] Application closed
[2025-12-13 18:30:30] [INFO] ==================================================
[2025-12-13 18:30:30] [INFO] Momentum Tracker starting...
[2025-12-13 18:30:30] [INFO] Database initialized successfully
[2025-12-13 18:30:30] [INFO] Triggering popup at 18:30
[2025-12-13 18:30:30] [INFO] Activity monitoring started
[2025-12-13 18:30:30] [INFO] Application initialized successfully
[2025-12-13 18:30:30] [INFO] Starting main loop
[2025-12-13 18:30:31] [INFO] Cleaning up...
[2025-12-13 18:30:33] [INFO] Activity monitoring stopped
[2025-12-13 18:30:33] [INFO] Application closed
