[2025-12-21 12:20:57] [INFO] ==================================================
[2025-12-21 12:20:57] [INFO] Momentum Tracker starting...
[2025-12-21 12:20:57] [INFO] Database initialized successfully
[2025-12-21 12:20:57] [INFO] Activity monitoring started
[2025-12-21 12:20:57] [INFO] Application initialized successfully
[2025-12-21 12:20:57] [INFO] Starting main loop
[2025-12-21 12:30:02] [INFO] Triggering popup at 12:30
[2025-12-21 12:38:04] [INFO] Added activity log: Chilling (15 min) at 2025-12-21 12:38:04.118081
[2025-12-21 12:38:04] [INFO] Activity logged: Chilling - 
[2025-12-21 12:45:02] [INFO] Triggering popup at 12:45
[2025-12-21 12:45:24] [INFO] Added activity log: Chilling (15 min) at 2025-12-21 12:45:24.645582
[2025-12-21 12:45:24] [INFO] Activity logged: Chilling - 
[2025-12-21 13:00:03] [INFO] Triggering popup at 13:00
[2025-12-21 13:09:00] [INFO] Added activity log: Chilling (15 min) at 2025-12-21 13:09:00.448799
[2025-12-21 13:09:00] [INFO] Activity logged: Chilling - 
[2025-12-21 13:15:03] [INFO] Triggering popup at 13:15
[2025-12-21 13:15:05] [INFO] Added activity log: Chilling (15 min) at 2025-12-21 13:15:05.249276
[2025-12-21 13:15:05] [INFO] Activity logged: Chilling - 
[2025-12-21 13:30:03] [INFO] Triggering popup at 13:30
[2025-12-21 13:40:57] [INFO] Added activity log: Chilling (15 min) at 2025-12-21 13:40:57.767846
[2025-12-21 13:40:57] [INFO] Activity logged: Chilling - 
[2025-12-21 13:45:03] [INFO] Triggering popup at 13:45
[2025-12-21 13:49:14] [INFO] Added activity log: Chilling (15 min) at 2025-12-21 13:49:14.558081
[2025-12-21 13:49:14] [INFO] Activity logged: Chilling - 
[2025-12-21 14:00:03] [INFO] Triggering popup at 14:00
[2025-12-21 14:01:55] [INFO] Added activity log: Chilling (15 min) at 2025-12-21 14:01:55.730437
[2025-12-21 14:01:55] [INFO] Activity logged: Chilling - 
[2025-12-21 14:15:03] [INFO] Triggering popup at 14:15
[2025-12-21 14:15:07] [INFO] Added activity log: Chilling (15 min) at 2025-12-21 14:15:07.574639
[2025-12-21 14:15:07] [INFO] Activity logged: Chilling - 
[2025-12-21 14:30:03] [INFO] Triggering popup at 14:30
[2025-12-21 14:33:18] [INFO] Added activity log: Chilling (15 min) at 2025-12-21 14:33:18.074807
[2025-12-21 14:33:18] [INFO] Activity logged: Chilling - 
[2025-12-21 14:45:03] [INFO] Triggering popup at 14:45
[2025-12-21 15:00:03] [INFO] Triggering popup at 15:00
[2025-12-21 15:15:03] [INFO] Triggering popup at 15:15
[2025-12-21 15:30:03] [INFO] Triggering popup at 15:30
[2025-12-21 16:24:34] [INFO] Added activity log: Chilling (15 min) at 2025-12-21 16:24:34.768986
[2025-12-21 16:24:34] [INFO] Activity logged: Chilling - 
[2025-12-21 16:30:02] [INFO] Triggering popup at 16:30
[2025-12-21 16:45:02] [INFO] Triggering popup at 16:45
[2025-12-21 16:52:31] [INFO] Added activity log: Chilling (15 min) at 2025-12-21 16:52:31.584888
[2025-12-21 16:52:31] [INFO] Activity logged: Chilling - 
[2025-12-21 17:00:03] [INFO] Triggering popup at 17:00
[2025-12-21 17:00:08] [INFO] Added activity log: Chilling (15 min) at 2025-12-21 17:00:08.415608
[2025-12-21 17:00:08] [INFO] Activity logged: Chilling - 
[2025-12-21 17:15:03] [INFO] Triggering popup at 17:15
[2025-12-21 17:15:08] [INFO] Added activity log: Chilling (15 min) at 2025-12-21 17:15:08.625359
[2025-12-21 17:15:08] [INFO] Activity logged: Chilling - 
[2025-12-21 17:30:03] [INFO] Triggering popup at 17:30
[2025-12-21 17:30:07] [INFO] Added activity log: Chilling (15 min) at 2025-12-21 17:30:07.651826
[2025-12-21 17:30:07] [INFO] Activity logged: Chilling - 
[2025-12-21 17:45:03] [INFO] Triggering popup at 17:45
[2025-12-21 17:45:20] [INFO] Added activity log: Chilling (15 min) at 2025-12-21 17:45:20.126566
[2025-12-21 17:45:20] [INFO] Activity logged: Chilling - 
[2025-12-21 18:00:03] [INFO] Triggering popup at 18:00
[2025-12-21 18:00:07] [INFO] Added activity log: Chilling (15 min) at 2025-12-21 18:00:07.503074
[2025-12-21 18:00:07] [INFO] Activity logged: Chilling - 
[2025-12-21 18:15:03] [INFO] Triggering popup at 18:15
[2025-12-21 18:30:03] [INFO] Triggering popup at 18:30
[2025-12-21 18:37:41] [INFO] Added activity log: Chilling (15 min) at 2025-12-21 18:37:41.737371
[2025-12-21 18:37:41] [INFO] Activity logged: Chilling - 
[2025-12-21 18:45:03] [INFO] Triggering popup at 18:45
[2025-12-21 18:45:15] [INFO] Added activity log: Chilling (15 min) at 2025-12-21 18:45:15.240664
[2025-12-21 18:45:15] [INFO] Activity logged: Chilling - 
[2025-12-21 19:00:03] [INFO] Triggering popup at 19:00
[2025-12-21 19:00:08] [INFO] Added activity log: Chilling (15 min) at 2025-12-21 19:00:08.577478
[2025-12-21 19:00:08] [INFO] Activity logged: Chilling - 
[2025-12-21 19:15:03] [INFO] Triggering popup at 19:15
[2025-12-21 19:15:07] [INFO] Added activity log: Chilling (15 min) at 2025-12-21 19:15:07.210336
[2025-12-21 19:15:07] [INFO] Activity logged: Chilling - 
[2025-12-21 19:30:04] [INFO] Triggering popup at 19:30
[2025-12-21 19:41:04] [INFO] Added activity log: Chilling (15 min) at 2025-12-21 19:41:04.513107
[2025-12-21 19:41:04] [INFO] Activity logged: Chilling - 
[2025-12-21 19:45:04] [INFO] Triggering popup at 19:45
[2025-12-21 19:45:18] [INFO] Added activity log: Chilling (15 min) at 2025-12-21 19:45:18.318287
[2025-12-21 19:45:18] [INFO] Activity logged: Chilling - 
[2025-12-21 20:00:04] [INFO] Triggering popup at 20:00
[2025-12-21 20:02:27] [INFO] Added activity log: Chilling (15 min) at 2025-12-21 20:02:27.249734
[2025-12-21 20:02:27] [INFO] Activity logged: Chilling - 
[2025-12-21 20:15:04] [INFO] Triggering popup at 20:15
[2025-12-21 20:15:14] [INFO] Added activity log: Chilling (15 min) at 2025-12-21 20:15:14.883467
[2025-12-21 20:15:14] [INFO] Activity logged: Chilling - 
[2025-12-21 20:30:04] [INFO] Triggering popup at 20:30
[2025-12-21 20:30:05] [INFO] Added activity log: Chilling (15 min) at 2025-12-21 20:30:05.990637
[2025-12-21 20:30:06] [INFO] Activity logged: Chilling - 
[2025-12-21 20:45:04] [INFO] Triggering popup at 20:45
[2025-12-21 20:45:26] [INFO] Added activity log: Chilling (15 min) at 2025-12-21 20:45:26.114229
[2025-12-21 20:45:26] [INFO] Activity logged: Chilling - 
[2025-12-21 21:00:04] [INFO] Triggering popup at 21:00
[2025-12-21 21:00:06] [INFO] Added activity log: Chilling (15 min) at 2025-12-21 21:00:06.449513
[2025-12-21 21:00:06] [INFO] Activity logged: Chilling - 
[2025-12-21 21:15:04] [INFO] Triggering popup at 21:15
[2025-12-21 21:30:04] [INFO] Triggering popup at 21:30
[2025-12-21 21:45:04] [INFO] Triggering popup at 21:45
[2025-12-21 22:00:03] [INFO] Triggering popup at 22:00
[2025-12-21 22:06:00] [INFO] Added activity log: Chilling (15 min) at 2025-12-21 22:06:00.208850
[2025-12-21 22:06:00] [INFO] Activity logged: Chilling - 
[2025-12-21 22:15:03] [INFO] Triggering popup at 22:15
[2025-12-21 22:15:19] [INFO] Added activity log: Chilling (15 min) at 2025-12-21 22:15:19.852921
[2025-12-21 22:15:19] [INFO] Activity logged: Chilling - 
[2025-12-21 22:30:04] [INFO] Triggering popup at 22:30
[2025-12-21 22:30:48] [INFO] Added activity log: Chilling (15 min) at 2025-12-21 22:30:48.797936
[2025-12-21 22:30:48] [INFO] Activity logged: Chilling - 
[2025-12-21 22:45:04] [INFO] Triggering popup at 22:45
[2025-12-21 22:46:08] [INFO] Added activity log: Chilling (15 min) at 2025-12-21 22:46:08.786765
[2025-12-21 22:46:08] [INFO] Activity logged: Chilling - 
[2025-12-21 23:00:04] [INFO] Triggering popup at 23:00
[2025-12-21 23:00:09] [INFO] Added activity log: Chilling (15 min) at 2025-12-21 23:00:09.084203
[2025-12-21 23:00:09] [INFO] Activity logged: Chilling - 
[2025-12-21 23:15:04] [INFO] Triggering popup at 23:15
[2025-12-21 23:15:21] [INFO] Added activity log: Chilling (15 min) at 2025-12-21 23:15:21.722434
[2025-12-21 23:15:21] [INFO] Activity logged: Chilling - 
[2025-12-21 23:30:04] [INFO] Triggering popup at 23:30
[2025-12-21 23:30:07] [INFO] Added activity log: Working (15 min) at 2025-12-21 23:30:07.689691
[2025-12-21 23:30:07] [INFO] Activity logged: Working - 
[2025-12-21 23:45:04] [INFO] Triggering popup at 23:45
[2025-12-21 23:55:29] [INFO] Added activity log: Working (15 min) at 2025-12-21 23:55:29.826639
[2025-12-21 23:55:29] [INFO] Activity logged: Working - 
[2025-12-22 00:00:04] [INFO] Triggering popup at 00:00
[2025-12-22 00:00:07] [INFO] Added activity log: Working (15 min) at 2025-12-22 00:00:07.206665
[2025-12-22 00:00:07] [INFO] Activity logged: Working - 
[2025-12-22 00:15:04] [INFO] Triggering popup at 00:15
[2025-12-22 00:15:07] [INFO] Added activity log: Working (15 min) at 2025-12-22 00:15:07.253186
[2025-12-22 00:15:07] [INFO] Activity logged: Working - 
[2025-12-22 00:30:04] [INFO] Triggering popup at 00:30
[2025-12-22 00:32:00] [INFO] Added activity log: Working (15 min) at 2025-12-22 00:32:00.180640
[2025-12-22 00:32:00] [INFO] Activity logged: Working - 
[2025-12-22 00:45:04] [INFO] Triggering popup at 00:45
[2025-12-22 00:45:08] [INFO] Added activity log: Working (15 min) at 2025-12-22 00:45:08.336233
[2025-12-22 00:45:08] [INFO] Activity logged: Working - 
[2025-12-22 01:00:04] [INFO] Triggering popup at 01:00
[2025-12-22 01:00:07] [INFO] Added activity log: Chilling (15 min) at 2025-12-22 01:00:07.794715
[2025-12-22 01:00:07] [INFO] Activity logged: Chilling - 
[2025-12-22 01:15:04] [INFO] Triggering popup at 01:15
[2025-12-22 01:15:09] [INFO] Added activity log: Chilling (15 min) at 2025-12-22 01:15:09.955689
[2025-12-22 01:15:09] [INFO] Activity logged: Chilling - 
[2025-12-22 01:30:00] [INFO] Triggering popup at 01:30
[2025-12-22 01:30:02] [INFO] Added activity log: Chilling (15 min) at 2025-12-22 01:30:02.515779
[2025-12-22 01:30:02] [INFO] Activity logged: Chilling - 
[2025-12-22 01:45:00] [INFO] Triggering popup at 01:45
[2025-12-22 01:45:06] [INFO] Added activity log: Chilling (15 min) at 2025-12-22 01:45:06.840616
[2025-12-22 01:45:06] [INFO] Activity logged: Chilling - 
[2025-12-22 02:00:00] [INFO] Triggering popup at 02:00
[2025-12-22 02:00:01] [INFO] Added activity log: Chilling (15 min) at 2025-12-22 02:00:01.491763
[2025-12-22 02:00:01] [INFO] Activity logged: Chilling - 
[2025-12-22 02:15:00] [INFO] Triggering popup at 02:15
[2025-12-22 02:15:02] [INFO] Added activity log: Chilling (15 min) at 2025-12-22 02:15:02.706138
[2025-12-22 02:15:02] [INFO] Activity logged: Chilling - 
[2025-12-22 02:30:00] [INFO] Triggering popup at 02:30
[2025-12-22 02:30:06] [INFO] Added activity log: Chilling (15 min) at 2025-12-22 02:30:06.497509
[2025-12-22 02:30:06] [INFO] Activity logged: Chilling - 
[2025-12-22 02:45:00] [INFO] Triggering popup at 02:45
[2025-12-22 02:45:03] [INFO] Added activity log: Chilling (15 min) at 2025-12-22 02:45:03.705636
[2025-12-22 02:45:03] [INFO] Activity logged: Chilling - 
[2025-12-22 03:00:00] [INFO] Triggering popup at 03:00
[2025-12-22 03:00:03] [INFO] Added activity log: Chilling (15 min) at 2025-12-22 03:00:03.889818
[2025-12-22 03:00:03] [INFO] Activity logged: Chilling - 
[2025-12-22 03:15:00] [INFO] Triggering popup at 03:15
[2025-12-22 03:15:05] [INFO] Added activity log: Chilling (15 min) at 2025-12-22 03:15:05.162714
[2025-12-22 03:15:05] [INFO] Activity logged: Chilling - 
[2025-12-22 03:30:00] [INFO] Triggering popup at 03:30
[2025-12-22 03:34:48] [INFO] Added activity log: Chilling (15 min) at 2025-12-22 03:34:48.057063
[2025-12-22 03:34:48] [INFO] Activity logged: Chilling - 
[2025-12-22 03:45:00] [INFO] Triggering popup at 03:45
[2025-12-22 03:45:02] [INFO] Added activity log: Working (15 min) at 2025-12-22 03:45:02.720890
[2025-12-22 03:45:02] [INFO] Activity logged: Working - 
[2025-12-22 04:00:00] [INFO] Triggering popup at 04:00
[2025-12-22 04:00:20] [INFO] Added activity log: Working (15 min) at 2025-12-22 04:00:20.437864
[2025-12-22 04:00:20] [INFO] Activity logged: Working - 
