[2025-12-28 13:04:39] [INFO] ==================================================
[2025-12-28 13:04:39] [INFO] Momentum Tracker starting...
[2025-12-28 13:04:39] [INFO] Database initialized successfully
[2025-12-28 13:04:39] [INFO] Activity monitoring started
[2025-12-28 13:04:39] [INFO] Application initialized successfully
[2025-12-28 13:04:39] [INFO] Starting main loop
[2025-12-28 13:15:03] [INFO] Triggering popup at 13:15
[2025-12-28 13:15:08] [INFO] Added activity log: Chilling (15 min) at 2025-12-28 13:15:08.826166
[2025-12-28 13:15:08] [INFO] Activity logged: Chilling -  (15m)
[2025-12-28 13:19:26] [INFO] Activity monitoring stopped
[2025-12-28 13:19:26] [INFO] Activity monitoring started
[2025-12-28 13:19:34] [INFO] Activity monitoring stopped
[2025-12-28 13:19:34] [INFO] Activity monitoring started
[2025-12-28 13:30:01] [INFO] Triggering popup at 13:30
[2025-12-28 13:45:01] [INFO] Triggering popup at 13:45
[2025-12-28 14:00:01] [INFO] Triggering popup at 14:00
[2025-12-28 18:49:46] [INFO] ==================================================
[2025-12-28 18:49:46] [INFO] Momentum Tracker starting...
[2025-12-28 18:49:46] [INFO] Database initialized successfully
[2025-12-28 18:49:46] [INFO] Activity monitoring started
[2025-12-28 18:49:46] [INFO] Application initialized successfully
[2025-12-28 18:49:46] [INFO] Starting main loop
[2025-12-28 19:00:01] [INFO] Triggering popup at 19:00
[2025-12-28 19:15:01] [INFO] Triggering popup at 19:15
[2025-12-28 19:19:10] [INFO] Added activity log: Chilling (15 min) at 2025-12-28 19:19:10.603967
[2025-12-28 19:19:10] [INFO] Activity logged: Chilling -  (15m)
[2025-12-28 19:30:01] [INFO] Triggering popup at 19:30
[2025-12-28 19:32:51] [INFO] Added activity log: Chilling (15 min) at 2025-12-28 19:32:51.136315
[2025-12-28 19:32:51] [INFO] Activity logged: Chilling -  (15m)
[2025-12-28 19:38:00] [INFO] ==================================================
[2025-12-28 19:38:00] [INFO] Momentum Tracker starting...
[2025-12-28 19:38:00] [INFO] Database initialized successfully
[2025-12-28 19:38:00] [INFO] Activity monitoring started
[2025-12-28 19:38:00] [INFO] Application initialized successfully
[2025-12-28 19:38:00] [INFO] Starting main loop
[2025-12-28 19:38:14] [INFO] Cleaning up...
[2025-12-28 19:38:15] [INFO] Activity monitoring stopped
[2025-12-28 19:38:15] [INFO] Application closed
[2025-12-28 19:40:50] [INFO] ==================================================
[2025-12-28 19:40:50] [INFO] Momentum Tracker starting...
[2025-12-28 19:40:50] [INFO] Database initialized successfully
[2025-12-28 19:40:50] [INFO] Activity monitoring started
[2025-12-28 19:40:50] [INFO] Application initialized successfully
[2025-12-28 19:40:50] [INFO] Starting main loop
[2025-12-28 19:42:00] [INFO] Cleaning up...
[2025-12-28 19:42:02] [INFO] Activity monitoring stopped
[2025-12-28 19:42:02] [INFO] Application closed
[2025-12-28 19:42:43] [INFO] ==================================================
[2025-12-28 19:42:43] [INFO] Momentum Tracker starting...
[2025-12-28 19:42:43] [INFO] Database initialized successfully
[2025-12-28 19:42:43] [INFO] Activity monitoring started
[2025-12-28 19:42:43] [INFO] Application initialized successfully
[2025-12-28 19:42:43] [INFO] Starting main loop
[2025-12-28 19:42:57] [INFO] Cleaning up...
[2025-12-28 19:42:58] [INFO] Activity monitoring stopped
[2025-12-28 19:42:58] [INFO] Application closed
