[2025-12-22 11:17:13] [INFO] ==================================================
[2025-12-22 11:17:13] [INFO] Momentum Tracker starting...
[2025-12-22 11:17:13] [INFO] Database initialized successfully
[2025-12-22 11:17:14] [INFO] Activity monitoring started
[2025-12-22 11:17:14] [INFO] Application initialized successfully
[2025-12-22 11:17:14] [INFO] Starting main loop
[2025-12-22 11:30:04] [INFO] Triggering popup at 11:30
[2025-12-22 11:32:10] [INFO] Added activity log: Working (15 min) at 2025-12-22 11:32:10.243294
[2025-12-22 11:32:10] [INFO] Activity logged: Working - 
[2025-12-22 11:45:04] [INFO] Triggering popup at 11:45
[2025-12-22 11:45:30] [INFO] Added activity log: Chilling (15 min) at 2025-12-22 11:45:30.314853
[2025-12-22 11:45:30] [INFO] Activity logged: Chilling - 
[2025-12-22 12:00:04] [INFO] Triggering popup at 12:00
[2025-12-22 12:03:13] [INFO] Added activity log: Chilling (15 min) at 2025-12-22 12:03:13.737982
[2025-12-22 12:03:13] [INFO] Activity logged: Chilling - 
[2025-12-22 14:15:50] [INFO] ==================================================
[2025-12-22 14:15:50] [INFO] Momentum Tracker starting...
[2025-12-22 14:15:50] [INFO] Database initialized successfully
[2025-12-22 14:15:50] [INFO] Triggering popup at 14:15
[2025-12-22 14:15:50] [INFO] Activity monitoring started
[2025-12-22 14:15:50] [INFO] Application initialized successfully
[2025-12-22 14:15:50] [INFO] Starting main loop
[2025-12-22 14:16:06] [INFO] Added activity log: Chilling (15 min) at 2025-12-22 14:16:06.520929
[2025-12-22 14:16:06] [INFO] Activity logged: Chilling - 
[2025-12-22 14:30:00] [INFO] Triggering popup at 14:30
[2025-12-22 14:30:21] [INFO] Added activity log: Chilling (15 min) at 2025-12-22 14:30:21.206782
[2025-12-22 14:30:21] [INFO] Activity logged: Chilling - 
[2025-12-22 14:45:00] [INFO] Triggering popup at 14:45
[2025-12-22 14:45:34] [INFO] Added activity log: Chilling (15 min) at 2025-12-22 14:45:34.413876
[2025-12-22 14:45:34] [INFO] Activity logged: Chilling - 
[2025-12-22 15:00:00] [INFO] Triggering popup at 15:00
[2025-12-22 15:00:03] [INFO] Added activity log: Chilling (15 min) at 2025-12-22 15:00:03.015592
[2025-12-22 15:00:03] [INFO] Activity logged: Chilling - 
[2025-12-22 15:15:00] [INFO] Triggering popup at 15:15
[2025-12-22 15:15:04] [INFO] Added activity log: Working (15 min) at 2025-12-22 15:15:04.495301
[2025-12-22 15:15:04] [INFO] Activity logged: Working - 
[2025-12-22 15:30:00] [INFO] Triggering popup at 15:30
[2025-12-22 15:45:01] [INFO] Triggering popup at 15:45
[2025-12-22 15:55:56] [INFO] Added activity log: Chilling (15 min) at 2025-12-22 15:55:56.166829
[2025-12-22 15:55:56] [INFO] Activity logged: Chilling - 
[2025-12-22 16:00:01] [INFO] Triggering popup at 16:00
[2025-12-22 16:00:22] [INFO] Added activity log: Chilling (15 min) at 2025-12-22 16:00:22.612631
[2025-12-22 16:00:22] [INFO] Activity logged: Chilling - 
[2025-12-22 16:15:01] [INFO] Triggering popup at 16:15
[2025-12-22 16:15:02] [INFO] Added activity log: Chilling (15 min) at 2025-12-22 16:15:02.318747
[2025-12-22 16:15:02] [INFO] Activity logged: Chilling - 
[2025-12-22 16:30:01] [INFO] Triggering popup at 16:30
[2025-12-22 16:30:08] [INFO] Added activity log: Chilling (15 min) at 2025-12-22 16:30:08.831419
[2025-12-22 16:30:08] [INFO] Activity logged: Chilling - 
[2025-12-22 16:45:01] [INFO] Triggering popup at 16:45
[2025-12-22 16:45:15] [INFO] Added activity log: Chilling (15 min) at 2025-12-22 16:45:15.926452
[2025-12-22 16:45:15] [INFO] Activity logged: Chilling - 
[2025-12-22 17:00:01] [INFO] Triggering popup at 17:00
[2025-12-22 17:00:03] [INFO] Added activity log: Chilling (15 min) at 2025-12-22 17:00:03.683188
[2025-12-22 17:00:03] [INFO] Activity logged: Chilling - 
[2025-12-22 17:15:01] [INFO] Triggering popup at 17:15
[2025-12-22 17:15:37] [INFO] Added activity log: Chilling (15 min) at 2025-12-22 17:15:37.894660
[2025-12-22 17:15:37] [INFO] Activity logged: Chilling - 
[2025-12-22 17:30:01] [INFO] Triggering popup at 17:30
[2025-12-22 17:30:09] [INFO] Added activity log: Chilling (15 min) at 2025-12-22 17:30:09.646842
[2025-12-22 17:30:09] [INFO] Activity logged: Chilling - 
[2025-12-22 17:45:01] [INFO] Triggering popup at 17:45
[2025-12-22 17:45:04] [INFO] Added activity log: Chilling (15 min) at 2025-12-22 17:45:04.654660
[2025-12-22 17:45:04] [INFO] Activity logged: Chilling - 
[2025-12-22 18:00:01] [INFO] Triggering popup at 18:00
[2025-12-22 18:11:21] [INFO] Added activity log: Chilling (15 min) at 2025-12-22 18:11:21.600104
[2025-12-22 18:11:21] [INFO] Activity logged: Chilling - 
[2025-12-22 18:15:01] [INFO] Triggering popup at 18:15
[2025-12-22 18:15:03] [INFO] Added activity log: Chilling (15 min) at 2025-12-22 18:15:03.805750
[2025-12-22 18:15:03] [INFO] Activity logged: Chilling - 
[2025-12-22 18:30:01] [INFO] Triggering popup at 18:30
[2025-12-22 18:30:04] [INFO] Added activity log: Chilling (15 min) at 2025-12-22 18:30:04.188245
[2025-12-22 18:30:04] [INFO] Activity logged: Chilling - 
[2025-12-22 18:45:01] [INFO] Triggering popup at 18:45
[2025-12-22 18:46:49] [INFO] Added activity log: Chilling (15 min) at 2025-12-22 18:46:49.608568
[2025-12-22 18:46:49] [INFO] Activity logged: Chilling - 
[2025-12-22 19:00:01] [INFO] Triggering popup at 19:00
[2025-12-22 19:00:05] [INFO] Added activity log: Working (15 min) at 2025-12-22 19:00:05.071150
[2025-12-22 19:00:05] [INFO] Activity logged: Working - 
[2025-12-22 19:15:01] [INFO] Triggering popup at 19:15
[2025-12-22 19:15:06] [INFO] Added activity log: Working (15 min) at 2025-12-22 19:15:06.053399
[2025-12-22 19:15:06] [INFO] Activity logged: Working - 
[2025-12-22 19:30:01] [INFO] Triggering popup at 19:30
[2025-12-22 19:45:01] [INFO] Triggering popup at 19:45
[2025-12-22 19:53:43] [INFO] Added activity log: Chilling (15 min) at 2025-12-22 19:53:43.272077
[2025-12-22 19:53:43] [INFO] Activity logged: Chilling - 
[2025-12-22 20:00:01] [INFO] Triggering popup at 20:00
[2025-12-22 20:10:05] [INFO] Added activity log: Chilling (15 min) at 2025-12-22 20:10:05.735599
[2025-12-22 20:10:05] [INFO] Activity logged: Chilling - 
[2025-12-22 20:15:01] [INFO] Triggering popup at 20:15
[2025-12-22 20:27:32] [INFO] Added activity log: Chilling (15 min) at 2025-12-22 20:27:32.137552
[2025-12-22 20:27:32] [INFO] Activity logged: Chilling - 
[2025-12-22 20:30:01] [INFO] Triggering popup at 20:30
[2025-12-22 20:30:10] [INFO] Added activity log: Chilling (15 min) at 2025-12-22 20:30:10.262843
[2025-12-22 20:30:10] [INFO] Activity logged: Chilling - 
[2025-12-22 20:45:01] [INFO] Triggering popup at 20:45
[2025-12-22 20:56:13] [INFO] Added activity log: Chilling (15 min) at 2025-12-22 20:56:13.398428
[2025-12-22 20:56:13] [INFO] Activity logged: Chilling - 
[2025-12-22 21:00:01] [INFO] Triggering popup at 21:00
[2025-12-22 21:15:01] [INFO] Triggering popup at 21:15
[2025-12-22 21:26:25] [INFO] Added activity log: Chilling (15 min) at 2025-12-22 21:26:25.676219
[2025-12-22 21:26:25] [INFO] Activity logged: Chilling - 
[2025-12-22 21:30:01] [INFO] Triggering popup at 21:30
[2025-12-22 21:43:12] [INFO] Added activity log: Chilling (15 min) at 2025-12-22 21:43:12.710920
[2025-12-22 21:43:12] [INFO] Activity logged: Chilling - 
[2025-12-22 21:45:02] [INFO] Triggering popup at 21:45
[2025-12-22 21:45:14] [INFO] Added activity log: Chilling (15 min) at 2025-12-22 21:45:14.060755
[2025-12-22 21:45:14] [INFO] Activity logged: Chilling - 
[2025-12-22 22:00:02] [INFO] Triggering popup at 22:00
[2025-12-22 22:11:23] [INFO] Added activity log: Chilling (15 min) at 2025-12-22 22:11:23.398888
[2025-12-22 22:11:23] [INFO] Activity logged: Chilling - 
[2025-12-22 22:15:02] [INFO] Triggering popup at 22:15
[2025-12-22 22:19:28] [INFO] Added activity log: Chilling (15 min) at 2025-12-22 22:19:28.513635
[2025-12-22 22:19:28] [INFO] Activity logged: Chilling - 
[2025-12-22 22:30:02] [INFO] Triggering popup at 22:30
[2025-12-22 22:38:43] [INFO] Added activity log: Chilling (15 min) at 2025-12-22 22:38:43.828962
[2025-12-22 22:38:43] [INFO] Activity logged: Chilling - 
[2025-12-22 22:45:02] [INFO] Triggering popup at 22:45
[2025-12-22 22:49:33] [INFO] Added activity log: Chilling (15 min) at 2025-12-22 22:49:33.813412
[2025-12-22 22:49:33] [INFO] Activity logged: Chilling - 
[2025-12-22 23:00:02] [INFO] Triggering popup at 23:00
[2025-12-22 23:07:20] [INFO] Added activity log: Chilling (15 min) at 2025-12-22 23:07:20.579621
[2025-12-22 23:07:20] [INFO] Activity logged: Chilling - 
[2025-12-22 23:15:02] [INFO] Triggering popup at 23:15
[2025-12-22 23:30:02] [INFO] Triggering popup at 23:30
[2025-12-22 23:43:23] [INFO] Added activity log: Chilling (15 min) at 2025-12-22 23:43:23.178690
[2025-12-22 23:43:23] [INFO] Activity logged: Chilling - 
[2025-12-22 23:45:02] [INFO] Triggering popup at 23:45
[2025-12-22 23:45:13] [INFO] Added activity log: Chilling (15 min) at 2025-12-22 23:45:13.875956
[2025-12-22 23:45:13] [INFO] Activity logged: Chilling - 
[2025-12-23 00:00:02] [INFO] Triggering popup at 00:00
[2025-12-23 00:15:02] [INFO] Triggering popup at 00:15
[2025-12-23 00:17:19] [INFO] Added activity log: Chilling (15 min) at 2025-12-23 00:17:19.056947
[2025-12-23 00:17:19] [INFO] Activity logged: Chilling - 
[2025-12-23 00:30:02] [INFO] Triggering popup at 00:30
[2025-12-23 00:45:02] [INFO] Triggering popup at 00:45
[2025-12-23 01:00:02] [INFO] Triggering popup at 01:00
[2025-12-23 01:13:29] [INFO] Added activity log: Chilling (15 min) at 2025-12-23 01:13:29.130298
[2025-12-23 01:13:29] [INFO] Activity logged: Chilling - 
