[2025-12-23 08:51:48] [INFO] ==================================================
[2025-12-23 08:51:48] [INFO] Momentum Tracker starting...
[2025-12-23 08:51:48] [INFO] Database initialized successfully
[2025-12-23 08:51:48] [INFO] Activity monitoring started
[2025-12-23 08:51:48] [INFO] Application initialized successfully
[2025-12-23 08:51:48] [INFO] Starting main loop
[2025-12-23 09:00:03] [INFO] Triggering popup at 09:00
[2025-12-23 09:00:11] [INFO] Added activity log: Chilling (15 min) at 2025-12-23 09:00:11.288815
[2025-12-23 09:00:11] [INFO] Activity logged: Chilling - 
[2025-12-23 13:31:11] [INFO] ==================================================
[2025-12-23 13:31:11] [INFO] Momentum Tracker starting...
[2025-12-23 13:31:11] [INFO] Database initialized successfully
[2025-12-23 13:31:11] [INFO] Activity monitoring started
[2025-12-23 13:31:11] [INFO] Application initialized successfully
[2025-12-23 13:31:11] [INFO] Starting main loop
[2025-12-23 13:45:01] [INFO] Triggering popup at 13:45
[2025-12-23 13:46:05] [INFO] Added activity log: Working (15 min) at 2025-12-23 13:46:05.896028
[2025-12-23 13:46:05] [INFO] Activity logged: Working - 
[2025-12-23 14:00:01] [INFO] Triggering popup at 14:00
[2025-12-23 14:01:00] [INFO] Added activity log: Working (15 min) at 2025-12-23 14:01:00.509631
[2025-12-23 14:01:00] [INFO] Activity logged: Working - 
[2025-12-23 14:15:01] [INFO] Triggering popup at 14:15
[2025-12-23 14:15:51] [INFO] Added activity log: Chilling (15 min) at 2025-12-23 14:15:51.212089
[2025-12-23 14:15:51] [INFO] Activity logged: Chilling - 
[2025-12-23 14:30:01] [INFO] Triggering popup at 14:30
[2025-12-23 14:30:15] [INFO] Added activity log: Chilling (15 min) at 2025-12-23 14:30:15.388925
[2025-12-23 14:30:15] [INFO] Activity logged: Chilling - 
[2025-12-23 14:45:01] [INFO] Triggering popup at 14:45
[2025-12-23 14:45:06] [INFO] Added activity log: Chilling (15 min) at 2025-12-23 14:45:06.436441
[2025-12-23 14:45:06] [INFO] Activity logged: Chilling - 
[2025-12-23 15:00:02] [INFO] Triggering popup at 15:00
[2025-12-23 15:00:03] [INFO] Added activity log: Chilling (15 min) at 2025-12-23 15:00:03.200108
[2025-12-23 15:00:03] [INFO] Activity logged: Chilling - 
[2025-12-23 15:15:02] [INFO] Triggering popup at 15:15
[2025-12-23 15:15:04] [INFO] Added activity log: Working (15 min) at 2025-12-23 15:15:04.812449
[2025-12-23 15:15:04] [INFO] Activity logged: Working - 
[2025-12-23 15:30:02] [INFO] Triggering popup at 15:30
[2025-12-23 15:30:04] [INFO] Added activity log: Working (15 min) at 2025-12-23 15:30:04.808247
[2025-12-23 15:30:04] [INFO] Activity logged: Working - 
[2025-12-23 15:45:02] [INFO] Triggering popup at 15:45
[2025-12-23 16:00:02] [INFO] Triggering popup at 16:00
[2025-12-23 16:15:02] [INFO] Triggering popup at 16:15
[2025-12-23 17:47:06] [INFO] Added activity log: Chilling (15 min) at 2025-12-23 17:47:06.727643
[2025-12-23 17:47:06] [INFO] Activity logged: Chilling - 
[2025-12-23 20:18:44] [INFO] ==================================================
[2025-12-23 20:18:44] [INFO] Momentum Tracker starting...
[2025-12-23 20:18:45] [INFO] Database initialized successfully
[2025-12-23 20:18:45] [INFO] Activity monitoring started
[2025-12-23 20:18:45] [INFO] Application initialized successfully
[2025-12-23 20:18:45] [INFO] Starting main loop
[2025-12-23 20:30:00] [INFO] Triggering popup at 20:30
[2025-12-23 20:45:00] [INFO] Triggering popup at 20:45
[2025-12-23 20:57:08] [INFO] Added activity log: Chilling (15 min) at 2025-12-23 20:57:08.691307
[2025-12-23 20:57:08] [INFO] Activity logged: Chilling - 
[2025-12-23 21:00:00] [INFO] Triggering popup at 21:00
[2025-12-23 21:00:32] [INFO] Added activity log: Chilling (15 min) at 2025-12-23 21:00:32.149508
[2025-12-23 21:00:32] [INFO] Activity logged: Chilling - 
[2025-12-23 21:15:00] [INFO] Triggering popup at 21:15
