[2025-12-12 10:11:46] [INFO] ==================================================
[2025-12-12 10:11:46] [INFO] Momentum Tracker starting...
[2025-12-12 10:11:46] [INFO] Database initialized successfully
[2025-12-12 10:11:47] [INFO] Activity monitoring started
[2025-12-12 10:11:47] [INFO] Application initialized successfully
[2025-12-12 10:11:47] [INFO] Starting main loop
[2025-12-12 10:15:02] [INFO] Triggering popup at 10:15
[2025-12-12 10:15:28] [INFO] Added activity log: Chilling (15 min) at 2025-12-12 10:15:28.833304
[2025-12-12 10:15:28] [INFO] Activity logged: Chilling - 
[2025-12-12 10:30:02] [INFO] Triggering popup at 10:30
[2025-12-12 10:30:07] [INFO] Added activity log: Chilling (15 min) at 2025-12-12 10:30:07.190950
[2025-12-12 10:30:07] [INFO] Activity logged: Chilling - 
[2025-12-12 10:45:02] [INFO] Triggering popup at 10:45
[2025-12-12 10:45:06] [INFO] Added activity log: Chilling (15 min) at 2025-12-12 10:45:06.160688
[2025-12-12 10:45:06] [INFO] Activity logged: Chilling - 
[2025-12-12 11:00:02] [INFO] Triggering popup at 11:00
[2025-12-12 11:00:05] [INFO] Added activity log: Chilling (15 min) at 2025-12-12 11:00:05.099208
[2025-12-12 11:00:05] [INFO] Activity logged: Chilling - 
[2025-12-12 11:15:02] [INFO] Triggering popup at 11:15
[2025-12-12 11:15:05] [INFO] Added activity log: Chilling (15 min) at 2025-12-12 11:15:05.430198
[2025-12-12 11:15:05] [INFO] Activity logged: Chilling - 
[2025-12-12 11:30:02] [INFO] Triggering popup at 11:30
[2025-12-12 11:39:48] [INFO] Added activity log: Chilling (15 min) at 2025-12-12 11:39:48.044549
[2025-12-12 11:39:48] [INFO] Activity logged: Chilling - 
[2025-12-12 11:45:02] [INFO] Triggering popup at 11:45
[2025-12-12 11:45:05] [INFO] Added activity log: Chilling (15 min) at 2025-12-12 11:45:05.719865
[2025-12-12 11:45:05] [INFO] Activity logged: Chilling - 
[2025-12-12 12:00:02] [INFO] Triggering popup at 12:00
[2025-12-12 12:00:05] [INFO] Added activity log: Chilling (15 min) at 2025-12-12 12:00:05.240396
[2025-12-12 12:00:05] [INFO] Activity logged: Chilling - 
[2025-12-12 12:15:02] [INFO] Triggering popup at 12:15
[2025-12-12 12:15:04] [INFO] Added activity log: Chilling (15 min) at 2025-12-12 12:15:04.823682
[2025-12-12 12:15:04] [INFO] Activity logged: Chilling - 
[2025-12-12 12:30:02] [INFO] Triggering popup at 12:30
[2025-12-12 12:30:15] [INFO] Added activity log: Chilling (15 min) at 2025-12-12 12:30:15.803730
[2025-12-12 12:30:15] [INFO] Activity logged: Chilling - 
[2025-12-12 12:45:02] [INFO] Triggering popup at 12:45
[2025-12-12 13:00:02] [INFO] Triggering popup at 13:00
[2025-12-12 13:03:45] [INFO] Added activity log: Academics (15 min) at 2025-12-12 13:03:45.749639
[2025-12-12 13:03:45] [INFO] Activity logged: Academics - 
[2025-12-12 13:15:02] [INFO] Triggering popup at 13:15
[2025-12-12 13:19:51] [INFO] Added activity log: Academics (15 min) at 2025-12-12 13:19:51.464251
[2025-12-12 13:19:51] [INFO] Activity logged: Academics - 
[2025-12-12 13:30:02] [INFO] Triggering popup at 13:30
[2025-12-12 13:33:30] [INFO] Added activity log: Academics (15 min) at 2025-12-12 13:33:30.848503
[2025-12-12 13:33:30] [INFO] Activity logged: Academics - 
[2025-12-12 13:45:02] [INFO] Triggering popup at 13:45
[2025-12-12 13:45:04] [INFO] Added activity log: Academics (15 min) at 2025-12-12 13:45:04.820461
[2025-12-12 13:45:04] [INFO] Activity logged: Academics - 
[2025-12-12 19:45:28] [INFO] ==================================================
[2025-12-12 19:45:28] [INFO] Momentum Tracker starting...
[2025-12-12 19:45:28] [INFO] Database initialized successfully
[2025-12-12 19:45:29] [INFO] Triggering popup at 19:45
[2025-12-12 19:45:29] [INFO] Activity monitoring started
[2025-12-12 19:45:29] [INFO] Application initialized successfully
[2025-12-12 19:45:29] [INFO] Starting main loop
[2025-12-12 19:45:33] [INFO] Added activity log: Chilling (15 min) at 2025-12-12 19:45:33.027109
[2025-12-12 19:45:33] [INFO] Activity logged: Chilling - 
[2025-12-12 20:00:04] [INFO] Triggering popup at 20:00
[2025-12-12 20:15:04] [INFO] Triggering popup at 20:15
