[2025-12-16 11:21:46] [INFO] ==================================================
[2025-12-16 11:21:46] [INFO] Momentum Tracker starting...
[2025-12-16 11:21:46] [INFO] Database initialized successfully
[2025-12-16 11:21:46] [INFO] Activity monitoring started
[2025-12-16 11:21:46] [INFO] Application initialized successfully
[2025-12-16 11:21:46] [INFO] Starting main loop
[2025-12-16 11:21:49] [INFO] Cleaning up...
[2025-12-16 11:21:51] [INFO] Activity monitoring stopped
[2025-12-16 11:21:51] [INFO] Application closed
[2025-12-16 14:21:24] [INFO] ==================================================
[2025-12-16 14:21:24] [INFO] Momentum Tracker starting...
[2025-12-16 14:21:24] [INFO] Database initialized successfully
[2025-12-16 14:21:24] [INFO] Activity monitoring started
[2025-12-16 14:21:24] [INFO] Application initialized successfully
[2025-12-16 14:21:24] [INFO] Starting main loop
[2025-12-16 14:21:25] [INFO] Cleaning up...
[2025-12-16 14:21:27] [INFO] Activity monitoring stopped
[2025-12-16 14:21:27] [INFO] Application closed
[2025-12-16 21:28:16] [INFO] ==================================================
[2025-12-16 21:28:16] [INFO] Momentum Tracker starting...
[2025-12-16 21:28:16] [INFO] Database initialized successfully
[2025-12-16 21:28:16] [INFO] Activity monitoring started
[2025-12-16 21:28:16] [INFO] Application initialized successfully
[2025-12-16 21:28:16] [INFO] Starting main loop
[2025-12-16 21:30:01] [INFO] Triggering popup at 21:30
[2025-12-16 21:30:06] [INFO] Added activity log: Chilling (15 min) at 2025-12-16 21:30:06.039160
[2025-12-16 21:30:06] [INFO] Activity logged: Chilling - 
[2025-12-16 21:45:01] [INFO] Triggering popup at 21:45
[2025-12-16 21:45:08] [INFO] Added activity log: Chilling (15 min) at 2025-12-16 21:45:08.870193
[2025-12-16 21:45:08] [INFO] Activity logged: Chilling - 
[2025-12-16 22:00:01] [INFO] Triggering popup at 22:00
[2025-12-16 22:02:22] [INFO] Added activity log: Chilling (15 min) at 2025-12-16 22:02:22.616245
[2025-12-16 22:02:22] [INFO] Activity logged: Chilling - 
[2025-12-16 22:15:01] [INFO] Triggering popup at 22:15
[2025-12-16 22:15:03] [INFO] Added activity log: Chilling (15 min) at 2025-12-16 22:15:03.650558
[2025-12-16 22:15:03] [INFO] Activity logged: Chilling - 
[2025-12-16 22:30:01] [INFO] Triggering popup at 22:30
[2025-12-16 22:30:03] [INFO] Added activity log: Chilling (15 min) at 2025-12-16 22:30:03.239807
[2025-12-16 22:30:03] [INFO] Activity logged: Chilling - 
[2025-12-16 22:45:01] [INFO] Triggering popup at 22:45
[2025-12-16 22:45:05] [INFO] Added activity log: Working (15 min) at 2025-12-16 22:45:05.452449
[2025-12-16 22:45:05] [INFO] Activity logged: Working - 
[2025-12-16 23:00:01] [INFO] Triggering popup at 23:00
[2025-12-16 23:00:37] [INFO] Added activity log: Working (15 min) at 2025-12-16 23:00:37.930717
[2025-12-16 23:00:37] [INFO] Activity logged: Working - 
[2025-12-16 23:15:02] [INFO] Triggering popup at 23:15
[2025-12-16 23:17:06] [INFO] Added activity log: Working (15 min) at 2025-12-16 23:17:06.166901
[2025-12-16 23:17:06] [INFO] Activity logged: Working - 
[2025-12-16 23:30:02] [INFO] Triggering popup at 23:30
[2025-12-16 23:30:04] [INFO] Added activity log: Working (15 min) at 2025-12-16 23:30:04.499016
[2025-12-16 23:30:04] [INFO] Activity logged: Working - 
[2025-12-16 23:45:02] [INFO] Triggering popup at 23:45
[2025-12-16 23:46:56] [INFO] Added activity log: Working (15 min) at 2025-12-16 23:46:56.872767
[2025-12-16 23:46:56] [INFO] Activity logged: Working - 
[2025-12-17 00:00:02] [INFO] Triggering popup at 00:00
[2025-12-17 00:00:11] [INFO] Added activity log: Working (15 min) at 2025-12-17 00:00:11.589398
[2025-12-17 00:00:11] [INFO] Activity logged: Working - 
[2025-12-17 00:15:02] [INFO] Triggering popup at 00:15
[2025-12-17 00:15:03] [INFO] Added activity log: Working (15 min) at 2025-12-17 00:15:03.677989
[2025-12-17 00:15:03] [INFO] Activity logged: Working - 
[2025-12-17 00:30:02] [INFO] Triggering popup at 00:30
[2025-12-17 00:30:03] [INFO] Added activity log: Working (15 min) at 2025-12-17 00:30:03.463187
[2025-12-17 00:30:03] [INFO] Activity logged: Working - 
[2025-12-17 00:45:02] [INFO] Triggering popup at 00:45
[2025-12-17 00:45:10] [INFO] Added activity log: Working (15 min) at 2025-12-17 00:45:10.844030
[2025-12-17 00:45:10] [INFO] Activity logged: Working - 
[2025-12-17 01:00:02] [INFO] Triggering popup at 01:00
[2025-12-17 01:00:08] [INFO] Added activity log: Working (15 min) at 2025-12-17 01:00:08.014215
[2025-12-17 01:00:08] [INFO] Activity logged: Working - 
[2025-12-17 01:15:02] [INFO] Triggering popup at 01:15
[2025-12-17 01:15:05] [INFO] Added activity log: Working (15 min) at 2025-12-17 01:15:05.668480
[2025-12-17 01:15:05] [INFO] Activity logged: Working - 
[2025-12-17 01:30:02] [INFO] Triggering popup at 01:30
[2025-12-17 01:45:02] [INFO] Triggering popup at 01:45
[2025-12-17 01:58:42] [INFO] Added activity log: Chilling (15 min) at 2025-12-17 01:58:42.050002
[2025-12-17 01:58:42] [INFO] Activity logged: Chilling - 
